// Jest Snapshot v1, https://goo.gl/fbAQLP

exports[`Teste do componente Widget 1`] = `
<div
  className="widget"
>
  <h1>
    TÃ­tulo do widget
  </h1>
</div>
`;
