// Jest Snapshot v1, https://goo.gl/fbAQLP

exports[`Dashboard deve renderizar filhos 1`] = `
<div
  className="dashboard dashboard__undefined"
>
  <h1>
    TÃ­tulo do dashboard
  </h1>
</div>
`;
